src/pages/StockControl.tsx(390,41): error TS2367: This comparison appears to be unintentional because the types '"in" | "out" | "adjustment" | "return"' and '"purchase"' have no overlap.
src/pages/StockControl.tsx(390,68): error TS2367: This comparison appears to be unintentional because the types '"in" | "out" | "adjustment" | "return"' and '"addition"' have no overlap.
src/pages/StockControl.tsx(393,48): error TS2367: This comparison appears to be unintentional because the types '"in" | "out" | "adjustment" | "return"' and '"sale"' have no overlap.
src/pages/StockControl.tsx(393,71): error TS2367: This comparison appears to be unintentional because the types '"in" | "out" | "adjustment" | "return"' and '"removal"' have no overlap.
